---
source: tests/visual_contract_matrix.rs
expression: output
---

== Plain 20 ==
  E    G           ×
⌄ d src            ●
› d collapsed      ●
  │ r selected-dua…M
    f .ignored-with…
  t clean.toml




== Plain 24 ==
  E    G               ×
⌄ d src                ●
› d collapsed          ●
  │ r selected-dual-st…M
    f .ignored-with-a-l…
  t clean.toml




== Plain 32 ==
  E    G                       ×
⌄ d src                        ●
› d collapsed                  ●
  │ r selected-dual-state.rs   M
    f .ignored-with-a-long-name
  t clean.toml




== Plain 48 ==
  E    G                                       ×
⌄ d src                                        ●
› d collapsed                                  ●
  │ r selected-dual-state.rs                   M
    f .ignored-with-a-long-name
  t clean.toml




== Plain 80 ==
  E    G                                                                       ×
⌄ d src                                                                        ●
› d collapsed                                                                  ●
  │ r selected-dual-state.rs                                                   M
    f .ignored-with-a-long-name
  t clean.toml




== NerdFont 20 ==
                 ×
⌄  src            ●
›  collapsed      ●
  │  selected-dua…M
     .ignored-with…
   clean.toml




== NerdFont 24 ==
                     ×
⌄  src                ●
›  collapsed          ●
  │  selected-dual-st…M
     .ignored-with-a-l…
   clean.toml




== NerdFont 32 ==
                             ×
⌄  src                        ●
›  collapsed                  ●
  │  selected-dual-state.rs   M
     .ignored-with-a-long-name
   clean.toml




== NerdFont 48 ==
                                             ×
⌄  src                                        ●
›  collapsed                                  ●
  │  selected-dual-state.rs                   M
     .ignored-with-a-long-name
   clean.toml




== NerdFont 80 ==
                                                                             ×
⌄  src                                                                        ●
›  collapsed                                                                  ●
  │  selected-dual-state.rs                                                   M
     .ignored-with-a-long-name
   clean.toml
